MPLINK 4.49, Linker
Linker Map File - Created Thu Oct 18 22:29:02 2018

                                 Section Info
                  Section       Type    Address   Location Size(Bytes)
                ---------  ---------  ---------  ---------  ---------
                   .org_0       code   0x000000    program   0x00004e
                   .cinit    romdata   0x000027    program   0x000004
   .config_2007_DENEY-1.O       code   0x002007    program   0x000002



                              Program Memory Usage 
                               Start         End      
                           ---------   ---------      
                            0x000000    0x000028      
                            0x002007    0x002007      
            42 out of 8454 program addresses used, program memory utilization is 0%



                              Symbols - Sorted by Name
                     Name    Address   Location    Storage File                     
                ---------  ---------  ---------  --------- ---------                
                ANA_METOT   0x000001    program     static D:\mikroislemciler\2018GuzDonemi\1.deney\deney-1.asm
          BUTON_KONTROL_H   0x00001b    program     static D:\mikroislemciler\2018GuzDonemi\1.deney\deney-1.asm
          BUTON_KONTROL_L   0x00001e    program     static D:\mikroislemciler\2018GuzDonemi\1.deney\deney-1.asm
                  KONTROL   0x000012    program     static D:\mikroislemciler\2018GuzDonemi\1.deney\deney-1.asm
           SONUC_H_GOSTER   0x000021    program     static D:\mikroislemciler\2018GuzDonemi\1.deney\deney-1.asm
           SONUC_L_GOSTER   0x000024    program     static D:\mikroislemciler\2018GuzDonemi\1.deney\deney-1.asm



                              Symbols - Sorted by Address
                     Name    Address   Location    Storage File                     
                ---------  ---------  ---------  --------- ---------                
                ANA_METOT   0x000001    program     static D:\mikroislemciler\2018GuzDonemi\1.deney\deney-1.asm
                  KONTROL   0x000012    program     static D:\mikroislemciler\2018GuzDonemi\1.deney\deney-1.asm
          BUTON_KONTROL_H   0x00001b    program     static D:\mikroislemciler\2018GuzDonemi\1.deney\deney-1.asm
          BUTON_KONTROL_L   0x00001e    program     static D:\mikroislemciler\2018GuzDonemi\1.deney\deney-1.asm
           SONUC_H_GOSTER   0x000021    program     static D:\mikroislemciler\2018GuzDonemi\1.deney\deney-1.asm
           SONUC_L_GOSTER   0x000024    program     static D:\mikroislemciler\2018GuzDonemi\1.deney\deney-1.asm


